error: invalid register `sp`: the stack pointer cannot be used as an operand for inline asm
  --> $DIR/bad-reg.rs:47:18
   |
LL |         asm!("", out("sp") _);
   |                  ^^^^^^^^^^^

error: invalid register `r2`: r2 is a system reserved register and cannot be used as an operand for inline asm
  --> $DIR/bad-reg.rs:49:18
   |
LL |         asm!("", out("r2") _);
   |                  ^^^^^^^^^^^

error: invalid register `r29`: r29 is used internally by LLVM and cannot be used as an operand for inline asm
  --> $DIR/bad-reg.rs:53:18
   |
LL |         asm!("", out("r29") _);
   |                  ^^^^^^^^^^^^

error: invalid register `r30`: r30 is used internally by LLVM and cannot be used as an operand for inline asm
  --> $DIR/bad-reg.rs:55:18
   |
LL |         asm!("", out("r30") _);
   |                  ^^^^^^^^^^^^

error: invalid register `fp`: the frame pointer cannot be used as an operand for inline asm
  --> $DIR/bad-reg.rs:57:18
   |
LL |         asm!("", out("fp") _);
   |                  ^^^^^^^^^^^

error: invalid register `lr`: the link register cannot be used as an operand for inline asm
  --> $DIR/bad-reg.rs:59:18
   |
LL |         asm!("", out("lr") _);
   |                  ^^^^^^^^^^^

error: invalid register `ctr`: the counter register cannot be used as an operand for inline asm
  --> $DIR/bad-reg.rs:61:18
   |
LL |         asm!("", out("ctr") _);
   |                  ^^^^^^^^^^^^

error: invalid register `vrsave`: the vrsave register cannot be used as an operand for inline asm
  --> $DIR/bad-reg.rs:63:18
   |
LL |         asm!("", out("vrsave") _);
   |                  ^^^^^^^^^^^^^^^

error: register class `cr` can only be used as a clobber, not as an input or output
  --> $DIR/bad-reg.rs:111:18
   |
LL |         asm!("", in("cr") x);
   |                  ^^^^^^^^^^

error: register class `cr` can only be used as a clobber, not as an input or output
  --> $DIR/bad-reg.rs:114:18
   |
LL |         asm!("", out("cr") x);
   |                  ^^^^^^^^^^^

error: register class `cr` can only be used as a clobber, not as an input or output
  --> $DIR/bad-reg.rs:117:26
   |
LL |         asm!("/* {} */", in(cr) x);
   |                          ^^^^^^^^

error: register class `cr` can only be used as a clobber, not as an input or output
  --> $DIR/bad-reg.rs:120:26
   |
LL |         asm!("/* {} */", out(cr) _);
   |                          ^^^^^^^^^

error: register class `xer` can only be used as a clobber, not as an input or output
  --> $DIR/bad-reg.rs:124:18
   |
LL |         asm!("", in("xer") x);
   |                  ^^^^^^^^^^^

error: register class `xer` can only be used as a clobber, not as an input or output
  --> $DIR/bad-reg.rs:127:18
   |
LL |         asm!("", out("xer") x);
   |                  ^^^^^^^^^^^^

error: register class `xer` can only be used as a clobber, not as an input or output
  --> $DIR/bad-reg.rs:130:26
   |
LL |         asm!("/* {} */", in(xer) x);
   |                          ^^^^^^^^^

error: register class `xer` can only be used as a clobber, not as an input or output
  --> $DIR/bad-reg.rs:133:26
   |
LL |         asm!("/* {} */", out(xer) _);
   |                          ^^^^^^^^^^

error: register class `spe_acc` can only be used as a clobber, not as an input or output
  --> $DIR/bad-reg.rs:138:18
   |
LL |         asm!("", in("spe_acc") x);
   |                  ^^^^^^^^^^^^^^^

error: register class `spe_acc` can only be used as a clobber, not as an input or output
  --> $DIR/bad-reg.rs:143:18
   |
LL |         asm!("", out("spe_acc") x);
   |                  ^^^^^^^^^^^^^^^^

error: register class `spe_acc` can only be used as a clobber, not as an input or output
  --> $DIR/bad-reg.rs:148:26
   |
LL |         asm!("/* {} */", in(spe_acc) x);
   |                          ^^^^^^^^^^^^^

error: register class `spe_acc` can only be used as a clobber, not as an input or output
  --> $DIR/bad-reg.rs:152:26
   |
LL |         asm!("/* {} */", out(spe_acc) _);
   |                          ^^^^^^^^^^^^^^

error: register `cr0` conflicts with register `cr`
  --> $DIR/bad-reg.rs:157:31
   |
LL |         asm!("", out("cr") _, out("cr0") _);
   |                  -----------  ^^^^^^^^^^^^ register `cr0`
   |                  |
   |                  register `cr`

error: register `cr1` conflicts with register `cr`
  --> $DIR/bad-reg.rs:159:31
   |
LL |         asm!("", out("cr") _, out("cr1") _);
   |                  -----------  ^^^^^^^^^^^^ register `cr1`
   |                  |
   |                  register `cr`

error: register `cr2` conflicts with register `cr`
  --> $DIR/bad-reg.rs:161:31
   |
LL |         asm!("", out("cr") _, out("cr2") _);
   |                  -----------  ^^^^^^^^^^^^ register `cr2`
   |                  |
   |                  register `cr`

error: register `cr3` conflicts with register `cr`
  --> $DIR/bad-reg.rs:163:31
   |
LL |         asm!("", out("cr") _, out("cr3") _);
   |                  -----------  ^^^^^^^^^^^^ register `cr3`
   |                  |
   |                  register `cr`

error: register `cr4` conflicts with register `cr`
  --> $DIR/bad-reg.rs:165:31
   |
LL |         asm!("", out("cr") _, out("cr4") _);
   |                  -----------  ^^^^^^^^^^^^ register `cr4`
   |                  |
   |                  register `cr`

error: register `cr5` conflicts with register `cr`
  --> $DIR/bad-reg.rs:167:31
   |
LL |         asm!("", out("cr") _, out("cr5") _);
   |                  -----------  ^^^^^^^^^^^^ register `cr5`
   |                  |
   |                  register `cr`

error: register `cr6` conflicts with register `cr`
  --> $DIR/bad-reg.rs:169:31
   |
LL |         asm!("", out("cr") _, out("cr6") _);
   |                  -----------  ^^^^^^^^^^^^ register `cr6`
   |                  |
   |                  register `cr`

error: register `cr7` conflicts with register `cr`
  --> $DIR/bad-reg.rs:171:31
   |
LL |         asm!("", out("cr") _, out("cr7") _);
   |                  -----------  ^^^^^^^^^^^^ register `cr7`
   |                  |
   |                  register `cr`

error: cannot use register `r13`: r13 is a reserved register on this target
  --> $DIR/bad-reg.rs:51:18
   |
LL |         asm!("", out("r13") _);
   |                  ^^^^^^^^^^^^

error: `vsx` target feature is not enabled
  --> $DIR/bad-reg.rs:72:27
   |
LL |         asm!("", in("v0") v64x2); // requires vsx
   |                           ^^^^^
   |
   = note: this is required to use type `i64x2` with register class `vreg`

error: `vsx` target feature is not enabled
  --> $DIR/bad-reg.rs:75:28
   |
LL |         asm!("", out("v0") v64x2); // requires vsx
   |                            ^^^^^
   |
   = note: this is required to use type `i64x2` with register class `vreg`

error: type `i32` cannot be used with this register class
  --> $DIR/bad-reg.rs:78:27
   |
LL |         asm!("", in("v0") x); // FIXME: should be ok if vsx is available
   |                           ^
   |
   = note: register class `vreg` supports these types: i8x16, i16x8, i32x4, f32x4, f32, f64, i64x2, f64x2

error: type `i32` cannot be used with this register class
  --> $DIR/bad-reg.rs:81:28
   |
LL |         asm!("", out("v0") x); // FIXME: should be ok if vsx is available
   |                            ^
   |
   = note: register class `vreg` supports these types: i8x16, i16x8, i32x4, f32x4, f32, f64, i64x2, f64x2

error: `vsx` target feature is not enabled
  --> $DIR/bad-reg.rs:86:35
   |
LL |         asm!("/* {} */", in(vreg) v64x2); // requires vsx
   |                                   ^^^^^
   |
   = note: this is required to use type `i64x2` with register class `vreg`

error: type `i32` cannot be used with this register class
  --> $DIR/bad-reg.rs:89:35
   |
LL |         asm!("/* {} */", in(vreg) x); // FIXME: should be ok if vsx is available
   |                                   ^
   |
   = note: register class `vreg` supports these types: i8x16, i16x8, i32x4, f32x4, f32, f64, i64x2, f64x2

error: type `i32` cannot be used with this register class
  --> $DIR/bad-reg.rs:111:27
   |
LL |         asm!("", in("cr") x);
   |                           ^
   |
   = note: register class `cr` supports these types: 

error: type `i32` cannot be used with this register class
  --> $DIR/bad-reg.rs:114:28
   |
LL |         asm!("", out("cr") x);
   |                            ^
   |
   = note: register class `cr` supports these types: 

error: type `i32` cannot be used with this register class
  --> $DIR/bad-reg.rs:117:33
   |
LL |         asm!("/* {} */", in(cr) x);
   |                                 ^
   |
   = note: register class `cr` supports these types: 

error: type `i32` cannot be used with this register class
  --> $DIR/bad-reg.rs:124:28
   |
LL |         asm!("", in("xer") x);
   |                            ^
   |
   = note: register class `xer` supports these types: 

error: type `i32` cannot be used with this register class
  --> $DIR/bad-reg.rs:127:29
   |
LL |         asm!("", out("xer") x);
   |                             ^
   |
   = note: register class `xer` supports these types: 

error: type `i32` cannot be used with this register class
  --> $DIR/bad-reg.rs:130:34
   |
LL |         asm!("/* {} */", in(xer) x);
   |                                  ^
   |
   = note: register class `xer` supports these types: 

error: cannot use register `spe_acc`: spe_acc is only available on SPE ABI
  --> $DIR/bad-reg.rs:136:18
   |
LL |         asm!("", out("spe_acc") _); // ok for SPE ABI
   |                  ^^^^^^^^^^^^^^^^

error: cannot use register `spe_acc`: spe_acc is only available on SPE ABI
  --> $DIR/bad-reg.rs:138:18
   |
LL |         asm!("", in("spe_acc") x);
   |                  ^^^^^^^^^^^^^^^

error: cannot use register `spe_acc`: spe_acc is only available on SPE ABI
  --> $DIR/bad-reg.rs:143:18
   |
LL |         asm!("", out("spe_acc") x);
   |                  ^^^^^^^^^^^^^^^^

error: type `i32` cannot be used with this register class
  --> $DIR/bad-reg.rs:148:38
   |
LL |         asm!("/* {} */", in(spe_acc) x);
   |                                      ^
   |
   = note: register class `spe_acc` supports these types: 

error: aborting due to 45 previous errors

